2026-04-07T01:35:38.773766Z 0 [System] [MY-015015] [Server] MySQL Server - start.
2026-04-07T01:35:38.901387Z 0 [System] [MY-010116] [Server] C:\Program Files\MySQL\MySQL Server 8.4\bin\mysqld.exe (mysqld 8.4.8) starting as process 3432
2026-04-07T01:35:38.920938Z 1 [System] [MY-013576] [InnoDB] InnoDB initialization has started.
2026-04-07T01:35:39.977922Z 1 [System] [MY-013577] [InnoDB] InnoDB initialization has ended.
2026-04-07T01:35:40.340188Z 0 [System] [MY-010229] [Server] Starting XA crash recovery...
2026-04-07T01:35:40.344545Z 0 [System] [MY-010232] [Server] XA crash recovery finished.
2026-04-07T01:35:40.518758Z 0 [Warning] [MY-010068] [Server] CA certificate ca.pem is self signed.
2026-04-07T01:35:40.519158Z 0 [System] [MY-013602] [Server] Channel mysql_main configured to support TLS. Encrypted connections are now supported for this channel.
2026-04-07T01:35:40.593243Z 0 [System] [MY-011323] [Server] X Plugin ready for connections. Bind-address: '::' port: 33060
2026-04-07T01:35:40.593298Z 0 [System] [MY-010931] [Server] C:\Program Files\MySQL\MySQL Server 8.4\bin\mysqld.exe: ready for connections. Version: '8.4.8'  socket: ''  port: 3307  MySQL Community Server - GPL.
2026-04-07T01:38:03.025478Z 9 [System] [MY-013172] [Server] Received SHUTDOWN from user root. Shutting down mysqld (Version: 8.4.8).
2026-04-07T01:38:03.026102Z 0 [System] [MY-013105] [Server] C:\Program Files\MySQL\MySQL Server 8.4\bin\mysqld.exe: Normal shutdown.
2026-04-07T01:38:04.990321Z 0 [System] [MY-010910] [Server] C:\Program Files\MySQL\MySQL Server 8.4\bin\mysqld.exe: Shutdown complete (mysqld 8.4.8)  MySQL Community Server - GPL.
2026-04-07T01:38:04.991244Z 0 [System] [MY-015016] [Server] MySQL Server - end.
2026-04-07T01:56:41.175875Z 0 [System] [MY-015015] [Server] MySQL Server - start.
2026-04-07T01:56:41.244969Z 0 [System] [MY-010116] [Server] C:\Program Files\MySQL\MySQL Server 8.4\bin\mysqld.exe (mysqld 8.4.8) starting as process 152
2026-04-07T01:56:41.263312Z 1 [System] [MY-013576] [InnoDB] InnoDB initialization has started.
2026-04-07T01:56:42.241575Z 1 [System] [MY-013577] [InnoDB] InnoDB initialization has ended.
2026-04-07T01:56:42.737553Z 0 [Warning] [MY-010068] [Server] CA certificate ca.pem is self signed.
2026-04-07T01:56:42.737966Z 0 [System] [MY-013602] [Server] Channel mysql_main configured to support TLS. Encrypted connections are now supported for this channel.
2026-04-07T01:56:42.773234Z 0 [System] [MY-011323] [Server] X Plugin ready for connections. Bind-address: '::' port: 33060
2026-04-07T01:56:42.773284Z 0 [System] [MY-010931] [Server] C:\Program Files\MySQL\MySQL Server 8.4\bin\mysqld.exe: ready for connections. Version: '8.4.8'  socket: ''  port: 3307  MySQL Community Server - GPL.
